14:25:22 **** Clean-only build of configuration Debug for project BlackPearl_MCU ****
make clean 
rm -rf  ./src/dac_adc.o ./src/gpio.o ./src/i2c.o ./src/main.o ./src/platform.o ./src/si5340.o  ./src/dac_adc.d ./src/gpio.d ./src/i2c.d ./src/main.d ./src/platform.d ./src/si5340.d  BlackPearl_MCU.elf.size  BlackPearl_MCU.elf
' '
14:25:23 **** Clean-only build of project BlackPearl_MCU_bsp ****
make -k clean 
make -C mcu_box_microblaze_0/libsrc/bram_v4_3/src -s clean 
make -C mcu_box_microblaze_0/libsrc/cpu_v2_9/src -s clean 
make -C mcu_box_microblaze_0/libsrc/gpio_v4_4/src -s clean 
make -C mcu_box_microblaze_0/libsrc/iic_v3_5/src -s clean 
make -C mcu_box_microblaze_0/libsrc/standalone_v7_0/src -s clean 
make -C mcu_box_microblaze_0/libsrc/uartlite_v3_2/src -s clean 
rm -f mcu_box_microblaze_0/lib/libxil.a
14:25:23 **** Build of project BlackPearl_MCU_bsp ****
make -k all 
"Running Make include in mcu_box_microblaze_0/libsrc/bram_v4_3/src"
make -C mcu_box_microblaze_0/libsrc/bram_v4_3/src -s include  "SHELL=CMD" "COMPILER=mb-gcc" "ARCHIVER=mb-ar" "COMPILER_FLAGS=  -O2 -c -mcpu=v11.0 -mlittle-endian -mxl-soft-mul" "EXTRA_COMPILER_FLAGS=-ffunction-sections -fdata-sections -Wall -Wextra"
"Running Make include in mcu_box_microblaze_0/libsrc/cpu_v2_9/src"
make -C mcu_box_microblaze_0/libsrc/cpu_v2_9/src -s include  "SHELL=CMD" "COMPILER=mb-gcc" "ARCHIVER=mb-ar" "COMPILER_FLAGS=  -O2 -c -mcpu=v11.0 -mlittle-endian -mxl-soft-mul" "EXTRA_COMPILER_FLAGS=-ffunction-sections -fdata-sections -Wall -Wextra"
"Running Make include in mcu_box_microblaze_0/libsrc/gpio_v4_4/src"
make -C mcu_box_microblaze_0/libsrc/gpio_v4_4/src -s include  "SHELL=CMD" "COMPILER=mb-gcc" "ARCHIVER=mb-ar" "COMPILER_FLAGS=  -O2 -c -mcpu=v11.0 -mlittle-endian -mxl-soft-mul" "EXTRA_COMPILER_FLAGS=-ffunction-sections -fdata-sections -Wall -Wextra"
"Running Make include in mcu_box_microblaze_0/libsrc/iic_v3_5/src"
make -C mcu_box_microblaze_0/libsrc/iic_v3_5/src -s include  "SHELL=CMD" "COMPILER=mb-gcc" "ARCHIVER=mb-ar" "COMPILER_FLAGS=  -O2 -c -mcpu=v11.0 -mlittle-endian -mxl-soft-mul" "EXTRA_COMPILER_FLAGS=-ffunction-sections -fdata-sections -Wall -Wextra"
"Running Make include in mcu_box_microblaze_0/libsrc/standalone_v7_0/src"
make -C mcu_box_microblaze_0/libsrc/standalone_v7_0/src -s include  "SHELL=CMD" "COMPILER=mb-gcc" "ARCHIVER=mb-ar" "COMPILER_FLAGS=  -O2 -c -mcpu=v11.0 -mlittle-endian -mxl-soft-mul" "EXTRA_COMPILER_FLAGS=-ffunction-sections -fdata-sections -Wall -Wextra"
"Running Make include in mcu_box_microblaze_0/libsrc/uartlite_v3_2/src"
make -C mcu_box_microblaze_0/libsrc/uartlite_v3_2/src -s include  "SHELL=CMD" "COMPILER=mb-gcc" "ARCHIVER=mb-ar" "COMPILER_FLAGS=  -O2 -c -mcpu=v11.0 -mlittle-endian -mxl-soft-mul" "EXTRA_COMPILER_FLAGS=-ffunction-sections -fdata-sections -Wall -Wextra"
"Running Make libs in mcu_box_microblaze_0/libsrc/bram_v4_3/src"
make -C mcu_box_microblaze_0/libsrc/bram_v4_3/src -s libs  "SHELL=CMD" "COMPILER=mb-gcc" "ARCHIVER=mb-ar" "COMPILER_FLAGS=  -O2 -c -mcpu=v11.0 -mlittle-endian -mxl-soft-mul" "EXTRA_COMPILER_FLAGS=-ffunction-sections -fdata-sections -Wall -Wextra"
"Compiling bram"
mb-ar: creating ../../../lib/libxil.a
"Running Make libs in mcu_box_microblaze_0/libsrc/cpu_v2_9/src"
make -C mcu_box_microblaze_0/libsrc/cpu_v2_9/src -s libs  "SHELL=CMD" "COMPILER=mb-gcc" "ARCHIVER=mb-ar" "COMPILER_FLAGS=  -O2 -c -mcpu=v11.0 -mlittle-endian -mxl-soft-mul" "EXTRA_COMPILER_FLAGS=-ffunction-sections -fdata-sections -Wall -Wextra"
"Compiling cpu"
"Running Make libs in mcu_box_microblaze_0/libsrc/gpio_v4_4/src"
make -C mcu_box_microblaze_0/libsrc/gpio_v4_4/src -s libs  "SHELL=CMD" "COMPILER=mb-gcc" "ARCHIVER=mb-ar" "COMPILER_FLAGS=  -O2 -c -mcpu=v11.0 -mlittle-endian -mxl-soft-mul" "EXTRA_COMPILER_FLAGS=-ffunction-sections -fdata-sections -Wall -Wextra"
"Compiling gpio"
"Running Make libs in mcu_box_microblaze_0/libsrc/iic_v3_5/src"
make -C mcu_box_microblaze_0/libsrc/iic_v3_5/src -s libs  "SHELL=CMD" "COMPILER=mb-gcc" "ARCHIVER=mb-ar" "COMPILER_FLAGS=  -O2 -c -mcpu=v11.0 -mlittle-endian -mxl-soft-mul" "EXTRA_COMPILER_FLAGS=-ffunction-sections -fdata-sections -Wall -Wextra"
"Compiling iic"
"Running Make libs in mcu_box_microblaze_0/libsrc/standalone_v7_0/src"
make -C mcu_box_microblaze_0/libsrc/standalone_v7_0/src -s libs  "SHELL=CMD" "COMPILER=mb-gcc" "ARCHIVER=mb-ar" "COMPILER_FLAGS=  -O2 -c -mcpu=v11.0 -mlittle-endian -mxl-soft-mul" "EXTRA_COMPILER_FLAGS=-ffunction-sections -fdata-sections -Wall -Wextra"
"Compiling standalone";
microblaze_sleep.c:77:9: note: #pragma message: For the sleep routines, assembly instructions are used
 #pragma message ("For the sleep routines, assembly instructions are used")
         ^~~~~~~
"Running Make libs in mcu_box_microblaze_0/libsrc/uartlite_v3_2/src"
make -C mcu_box_microblaze_0/libsrc/uartlite_v3_2/src -s libs  "SHELL=CMD" "COMPILER=mb-gcc" "ARCHIVER=mb-ar" "COMPILER_FLAGS=  -O2 -c -mcpu=v11.0 -mlittle-endian -mxl-soft-mul" "EXTRA_COMPILER_FLAGS=-ffunction-sections -fdata-sections -Wall -Wextra"
"Compiling uartlite"
'Finished building libraries'
14:25:28 **** Build of configuration Debug for project BlackPearl_MCU ****
make all 
'Building file: ../src/dac_adc.c'
'Invoking: MicroBlaze gcc compiler'
mb-gcc -Wall -O0 -g3 -c -fmessage-length=0 -MT"src/dac_adc.o" -I../../BlackPearl_MCU_bsp/mcu_box_microblaze_0/include -mlittle-endian -mcpu=v11.0 -mxl-soft-mul -Wl,--no-relax -ffunction-sections -fdata-sections -MMD -MP -MF"src/dac_adc.d" -MT"src/dac_adc.o" -o "src/dac_adc.o" "../src/dac_adc.c"
'Finished building: ../src/dac_adc.c'
' '
'Building file: ../src/gpio.c'
'Invoking: MicroBlaze gcc compiler'
mb-gcc -Wall -O0 -g3 -c -fmessage-length=0 -MT"src/gpio.o" -I../../BlackPearl_MCU_bsp/mcu_box_microblaze_0/include -mlittle-endian -mcpu=v11.0 -mxl-soft-mul -Wl,--no-relax -ffunction-sections -fdata-sections -MMD -MP -MF"src/gpio.d" -MT"src/gpio.o" -o "src/gpio.o" "../src/gpio.c"
'Finished building: ../src/gpio.c'
' '
'Building file: ../src/i2c.c'
'Invoking: MicroBlaze gcc compiler'
mb-gcc -Wall -O0 -g3 -c -fmessage-length=0 -MT"src/i2c.o" -I../../BlackPearl_MCU_bsp/mcu_box_microblaze_0/include -mlittle-endian -mcpu=v11.0 -mxl-soft-mul -Wl,--no-relax -ffunction-sections -fdata-sections -MMD -MP -MF"src/i2c.d" -MT"src/i2c.o" -o "src/i2c.o" "../src/i2c.c"
'Finished building: ../src/i2c.c'
' '
'Building file: ../src/main.c'
'Invoking: MicroBlaze gcc compiler'
mb-gcc -Wall -O0 -g3 -c -fmessage-length=0 -MT"src/main.o" -I../../BlackPearl_MCU_bsp/mcu_box_microblaze_0/include -mlittle-endian -mcpu=v11.0 -mxl-soft-mul -Wl,--no-relax -ffunction-sections -fdata-sections -MMD -MP -MF"src/main.d" -MT"src/main.o" -o "src/main.o" "../src/main.c"
'Finished building: ../src/main.c'
' '
'Building file: ../src/platform.c'
'Invoking: MicroBlaze gcc compiler'
mb-gcc -Wall -O0 -g3 -c -fmessage-length=0 -MT"src/platform.o" -I../../BlackPearl_MCU_bsp/mcu_box_microblaze_0/include -mlittle-endian -mcpu=v11.0 -mxl-soft-mul -Wl,--no-relax -ffunction-sections -fdata-sections -MMD -MP -MF"src/platform.d" -MT"src/platform.o" -o "src/platform.o" "../src/platform.c"
'Finished building: ../src/platform.c'
' '
'Building file: ../src/si5340.c'
'Invoking: MicroBlaze gcc compiler'
mb-gcc -Wall -O0 -g3 -c -fmessage-length=0 -MT"src/si5340.o" -I../../BlackPearl_MCU_bsp/mcu_box_microblaze_0/include -mlittle-endian -mcpu=v11.0 -mxl-soft-mul -Wl,--no-relax -ffunction-sections -fdata-sections -MMD -MP -MF"src/si5340.d" -MT"src/si5340.o" -o "src/si5340.o" "../src/si5340.c"
'Finished building: ../src/si5340.c'
' '
'Building target: BlackPearl_MCU.elf'
'Invoking: MicroBlaze gcc linker'
mb-gcc -Wl,-T -Wl,../src/lscript.ld -L../../BlackPearl_MCU_bsp/mcu_box_microblaze_0/lib -mlittle-endian -mcpu=v11.0 -mxl-soft-mul -Wl,--no-relax -Wl,--gc-sections -o "BlackPearl_MCU.elf"  ./src/dac_adc.o ./src/gpio.o ./src/i2c.o ./src/main.o ./src/platform.o ./src/si5340.o   -Wl,--start-group,-lxil,-lgcc,-lc,--end-group
'Finished building target: BlackPearl_MCU.elf'
' '
'Invoking: MicroBlaze Print Size'
mb-size BlackPearl_MCU.elf  |tee "BlackPearl_MCU.elf.size"
   text	   data	    bss	    dec	    hex	filename
  53040	    656	   3144	  56840	   de08	BlackPearl_MCU.elf
'Finished building: BlackPearl_MCU.elf.size'
' '
14:26:12 **** Incremental Build of configuration Debug for project BlackPearl_MCU ****
make all 
make: Nothing to be done for 'all'.
